// Jest Snapshot v1, https://goo.gl/fbAQLP

exports[`should return section 1`] = `
Object {
  "createdAt": 2020-01-01T00:00:00.000Z,
  "difficulty": 3.5,
  "id": "45e70501-5d20-449f-b854-52b06b138831",
  "putIn": Object {
    "lat": 49,
    "lng": 0,
  },
  "region": "Norway",
  "river": "Sjoa",
  "section": "Amot",
  "takeOut": Object {
    "lat": 49,
    "lng": 1,
  },
  "updatedAt": 2020-01-01T00:00:00.000Z,
  "upstreamData": Object {
    "upstream": "upstream section 1 data",
  },
  "upstreamId": "d749dbc1-166f-41d1-91ac-e4658d30d90f",
}
`;
