// Jest Snapshot v1, https://goo.gl/fbAQLP

exports[`should match snapshot 1`] = `
Object {
  "data": Object {
    "descents": Object {
      "edges": Array [
        Object {
          "cursor": "djE6",
          "node": Object {
            "comment": "descent 9 comment",
            "createdAt": 2020-01-09T00:00:00.000Z,
            "duration": 500,
            "id": "900ede8f-b605-4dd6-a9b2-9b2628f79254",
            "level": Object {
              "unit": "cfs",
              "value": 100,
            },
            "public": false,
            "section": Object {
              "createdAt": 2020-01-08T00:00:00.000Z,
              "difficulty": 6,
              "id": "8f43c474-72a5-4575-b51e-ccf3823d8014",
              "region": "Georgia",
              "river": "Bzhuzha",
              "section": "Long race",
              "updatedAt": 2020-01-08T00:00:00.000Z,
              "upstreamData": null,
              "upstreamId": null,
            },
            "startedAt": 2020-01-09T00:00:00.000Z,
            "updatedAt": 2020-01-09T00:00:00.000Z,
            "upstreamData": null,
          },
        },
        Object {
          "cursor": "djE6",
          "node": Object {
            "comment": "descent 8 comment",
            "createdAt": 2020-01-08T00:00:00.000Z,
            "duration": 600,
            "id": "902c52f3-5165-443b-b4a7-2e9c27b48538",
            "level": Object {
              "unit": "cfs",
              "value": 100,
            },
            "public": false,
            "section": Object {
              "createdAt": 2020-01-08T00:00:00.000Z,
              "difficulty": 6,
              "id": "8f43c474-72a5-4575-b51e-ccf3823d8014",
              "region": "Georgia",
              "river": "Bzhuzha",
              "section": "Long race",
              "updatedAt": 2020-01-08T00:00:00.000Z,
              "upstreamData": null,
              "upstreamId": null,
            },
            "startedAt": 2020-01-08T00:00:00.000Z,
            "updatedAt": 2020-01-08T00:00:00.000Z,
            "upstreamData": null,
          },
        },
        Object {
          "cursor": "djE6",
          "node": Object {
            "comment": "descent 7 comment",
            "createdAt": 2020-01-07T00:00:00.000Z,
            "duration": null,
            "id": "ac323bc5-47e7-43cf-b3dd-e029cf96fcf4",
            "level": Object {
              "unit": "cm",
              "value": 211,
            },
            "public": true,
            "section": Object {
              "createdAt": 2020-01-07T00:00:00.000Z,
              "difficulty": 5,
              "id": "2186e9bf-19f8-4a26-a9a1-80de877c4084",
              "region": "Georgia",
              "river": "Bzhuzha",
              "section": "Lower",
              "updatedAt": 2020-01-07T00:00:00.000Z,
              "upstreamData": null,
              "upstreamId": null,
            },
            "startedAt": 2020-01-07T00:00:00.000Z,
            "updatedAt": 2020-01-07T00:00:00.000Z,
            "upstreamData": null,
          },
        },
        Object {
          "cursor": "djE6",
          "node": Object {
            "comment": "descent 6 comment",
            "createdAt": 2020-01-06T00:00:00.000Z,
            "duration": 7200,
            "id": "f56a3887-34ba-493e-b681-43b0b4547df7",
            "level": Object {
              "unit": "cm",
              "value": 320,
            },
            "public": false,
            "section": Object {
              "createdAt": 2020-01-06T00:00:00.000Z,
              "difficulty": 9,
              "id": "7336271e-120c-4c31-9aee-685704e41b2b",
              "region": "Mexico",
              "river": "Alseseca",
              "section": "Big Banana",
              "updatedAt": 2020-01-06T00:00:00.000Z,
              "upstreamData": null,
              "upstreamId": null,
            },
            "startedAt": 2020-01-06T00:00:00.000Z,
            "updatedAt": 2020-01-06T00:00:00.000Z,
            "upstreamData": null,
          },
        },
        Object {
          "cursor": "djE6",
          "node": Object {
            "comment": "descent 5 comment",
            "createdAt": 2020-01-05T00:00:00.000Z,
            "duration": 1000,
            "id": "3a12cd33-2ccd-4fcd-9da5-7ce14006aa15",
            "level": Object {
              "unit": null,
              "value": 4,
            },
            "public": true,
            "section": Object {
              "createdAt": 2020-01-05T00:00:00.000Z,
              "difficulty": 7,
              "id": "eae06053-a542-46d7-9708-6d08f1284d7f",
              "region": "Mexico",
              "river": "Alseseca",
              "section": "Roadside",
              "updatedAt": 2020-01-05T00:00:00.000Z,
              "upstreamData": null,
              "upstreamId": null,
            },
            "startedAt": 2020-01-05T00:00:00.000Z,
            "updatedAt": 2020-01-05T00:00:00.000Z,
            "upstreamData": null,
          },
        },
        Object {
          "cursor": "djE6",
          "node": Object {
            "comment": "descent 3 comment",
            "createdAt": 2020-01-03T00:00:00.000Z,
            "duration": null,
            "id": "7deddd48-9f7f-4a76-9ff9-811f694f52a4",
            "level": Object {
              "unit": null,
              "value": null,
            },
            "public": true,
            "section": Object {
              "createdAt": 2020-01-03T00:00:00.000Z,
              "difficulty": 5,
              "id": "7565d9ee-0fc0-4b49-be34-a62d59223067",
              "region": "Norway",
              "river": "Sjoa",
              "section": "Asengjuvet",
              "updatedAt": 2020-01-03T00:00:00.000Z,
              "upstreamData": null,
              "upstreamId": null,
            },
            "startedAt": 2020-01-03T00:00:00.000Z,
            "updatedAt": 2020-01-03T00:00:00.000Z,
            "upstreamData": null,
          },
        },
        Object {
          "cursor": "djE6",
          "node": Object {
            "comment": "descent 2 comment",
            "createdAt": 2020-01-02T00:00:00.000Z,
            "duration": 3000,
            "id": "3fb2b1da-6649-429e-8b0e-0cbbda055da7",
            "level": Object {
              "unit": "m",
              "value": 0.9,
            },
            "public": false,
            "section": Object {
              "createdAt": 2020-01-02T00:00:00.000Z,
              "difficulty": 6,
              "id": "e7d03e01-4927-4ae1-82bf-a9e195e59db6",
              "region": "Norway",
              "river": "Sjoa",
              "section": "Playrun",
              "updatedAt": 2020-01-02T00:00:00.000Z,
              "upstreamData": null,
              "upstreamId": null,
            },
            "startedAt": 2020-01-02T00:00:00.000Z,
            "updatedAt": 2020-01-02T00:00:00.000Z,
            "upstreamData": null,
          },
        },
        Object {
          "cursor": "djE6",
          "node": Object {
            "comment": "descent 4 comment",
            "createdAt": 2020-01-04T00:00:00.000Z,
            "duration": 3600,
            "id": "ffd6ba41-d7e5-4fbf-8347-2481d583674e",
            "level": Object {
              "unit": "m3/s",
              "value": 99.9,
            },
            "public": true,
            "section": Object {
              "createdAt": 2020-01-01T00:00:00.000Z,
              "difficulty": 7,
              "id": "45e70501-5d20-449f-b854-52b06b138831",
              "region": "Norway",
              "river": "Sjoa",
              "section": "Amot",
              "updatedAt": 2020-01-01T00:00:00.000Z,
              "upstreamData": Object {
                "upstream": "data",
              },
              "upstreamId": "__upstream__id__",
            },
            "startedAt": 2020-01-01T00:00:00.000Z,
            "updatedAt": 2020-01-04T00:00:00.000Z,
            "upstreamData": Object {
              "upstream": "data",
            },
          },
        },
        Object {
          "cursor": "djE6",
          "node": Object {
            "comment": "descent 1 comment",
            "createdAt": 2020-01-01T00:00:00.000Z,
            "duration": 3600,
            "id": "97998f67-74f2-43db-a4e4-198c2ca540a7",
            "level": Object {
              "unit": "m3/s",
              "value": 99.9,
            },
            "public": true,
            "section": Object {
              "createdAt": 2020-01-01T00:00:00.000Z,
              "difficulty": 7,
              "id": "45e70501-5d20-449f-b854-52b06b138831",
              "region": "Norway",
              "river": "Sjoa",
              "section": "Amot",
              "updatedAt": 2020-01-01T00:00:00.000Z,
              "upstreamData": Object {
                "upstream": "data",
              },
              "upstreamId": "__upstream__id__",
            },
            "startedAt": 2020-01-01T00:00:00.000Z,
            "updatedAt": 2020-01-01T00:00:00.000Z,
            "upstreamData": Object {
              "upstream": "data",
            },
          },
        },
      ],
      "pageInfo": Object {
        "endCursor": "djE6",
        "hasMore": false,
      },
    },
  },
  "errors": undefined,
  "extensions": undefined,
  "http": Object {
    "headers": Headers {
      Symbol(map): Object {},
    },
  },
}
`;
